// Vitest Snapshot v1

exports[`Test in <Main /> Layout > should to match snapshot 1`] = `
<div>
  <div
    class="container"
  >
    <div
      class="title-container undefined"
      data-testid="title-container"
    >
      <h1
        class="title-text undefined"
      >
        Title Test
      </h1>
    </div>
  </div>
</div>
`;
