// Vitest Snapshot v1

exports[`Test in <Button /> component > should to match the snapshot 1`] = `
<div>
  <button
    class="button undefined"
    type="button"
  >
    Test text
  </button>
</div>
`;
