// Vitest Snapshot v1

exports[`Test in <NotFound /> page > should to match the snapshot 1`] = `
<div>
  <div
    class="container center-content"
  >
    <h2>
      No encontrado
    </h2>
    <h1>
      404
    </h1>
    <h3>
      Lo sentimos pero no se encuentra la p√°gina solicitada
    </h3>
  </div>
</div>
`;
