// Vitest Snapshot v1

exports[`Test in <ResetPasswordForm /> component > should to match snapshot 1`] = `
<div>
  <div
    class="form"
  >
    <form
      action="#"
      class="form__container"
      data-testid="form"
    >
      <div
        class="form-field__container"
      >
        <label
          class="form-field__label undefined"
          data-testid="form-field-label"
          for="password"
        >
          Nueva contrase単a:
        </label>
        <div
          class="form-field__input-container"
        >
          <input
            class="form-field__input-container__input undefined"
            name="password"
            placeholder="Ingrese su nueva contrase単a"
            type="password"
            value=""
          />
          <button
            class="eye-btn"
          >
            <svg
              class="eye-btn__icon"
              data-testid="eye-icon"
              fill="currentColor"
              height="25"
              stroke="currentColor"
              stroke-width="0"
              viewBox="0 0 512 512"
              width="25"
              xmlns="http://www.w3.org/2000/svg"
            >
              <path
                d="M255.66 112c-77.94 0-157.89 45.11-220.83 135.33a16 16 0 00-.27 17.77C82.92 340.8 161.8 400 255.66 400c92.84 0 173.34-59.38 221.79-135.25a16.14 16.14 0 000-17.47C428.89 172.28 347.8 112 255.66 112z"
                fill="none"
                stroke-linecap="round"
                stroke-linejoin="round"
                stroke-width="32"
              />
              <circle
                cx="256"
                cy="256"
                fill="none"
                r="80"
                stroke-miterlimit="10"
                stroke-width="32"
              />
            </svg>
          </button>
        </div>
      </div>
      <div
        class="form-field__container"
      >
        <label
          class="form-field__label undefined"
          data-testid="form-field-label"
          for="confirmPassword"
        >
          Confirmar contrase単a:
        </label>
        <div
          class="form-field__input-container"
        >
          <input
            class="form-field__input-container__input undefined"
            name="confirmPassword"
            placeholder="Confirme su nueva contrase単a"
            type="password"
            value=""
          />
          <button
            class="eye-btn"
          >
            <svg
              class="eye-btn__icon"
              data-testid="eye-icon"
              fill="currentColor"
              height="25"
              stroke="currentColor"
              stroke-width="0"
              viewBox="0 0 512 512"
              width="25"
              xmlns="http://www.w3.org/2000/svg"
            >
              <path
                d="M255.66 112c-77.94 0-157.89 45.11-220.83 135.33a16 16 0 00-.27 17.77C82.92 340.8 161.8 400 255.66 400c92.84 0 173.34-59.38 221.79-135.25a16.14 16.14 0 000-17.47C428.89 172.28 347.8 112 255.66 112z"
                fill="none"
                stroke-linecap="round"
                stroke-linejoin="round"
                stroke-width="32"
              />
              <circle
                cx="256"
                cy="256"
                fill="none"
                r="80"
                stroke-miterlimit="10"
                stroke-width="32"
              />
            </svg>
          </button>
        </div>
      </div>
      <button
        class="button undefined"
        style="margin-top: 2rem;"
        type="submit"
      >
        Restablecer
      </button>
    </form>
  </div>
</div>
`;
